DOES NOT COMPUTE
Please reconfigure the primary power coupling
Please hang up and try your call again
FAIL!
You done goofed
What in tarnation
Insert confusedMathLady.jpeg
You can't change Math. Math is Math!
Wanna try that one again honey?
DENIED!
What a maroon